// Vitest Snapshot v1, https://vitest.dev/guide/snapshot.html

exports[`People Card > render correctly 1`] = `
<div
  className="rounded-lg bg-white"
  style={
    {
      "minWidth": "20%",
    }
  }
>
  <div
    className="min-h-fit w-full"
    id="card-image"
  >
    <img
      alt="Rebecca Hall"
      className="h-full w-full rounded-t-lg object-fill"
      src="https://image.tmdb.org/t/p//original/coC58ANiDbqRIyle5zEl9QDektf.jpg"
    />
  </div>
  <div
    className="flex flex-col rounded-b-md text-black"
    id="card-content"
  >
    <strong
      className="px-2"
    >
      Rebecca Hall
    </strong>
    <span
      className="px-2 text-sm"
    >
      Dr. Ilene Andrews
    </span>
  </div>
</div>
`;
